ARM Linker, RVCT4.0 [Build 728] [Standard]

==============================================================================

Section Cross References

    blink_even_odd.o(RESET) refers to blink_even_odd.o(STACK) for TOP_STACK
    blink_even_odd.o(RESET) refers to blink_even_odd.o(texts) for START


==============================================================================

Image Symbol Table

    Local Symbols

    Symbol Name                              Value     Ov Type        Size  Object(Section)

    RESET                                    0x00000000   Section        8  blink_even_odd.o(RESET)
    Blink_Even_Odd.s                         0x00000000   Number         0  blink_even_odd.o ABSOLUTE
    texts                                    0x00000008   Section       52  blink_even_odd.o(texts)
    START                                    0x00000009   Thumb Code    26  blink_even_odd.o(texts)
    DELAY                                    0x00000023   Thumb Code    14  blink_even_odd.o(texts)
    STACK                                    0x20000000   Section      512  blink_even_odd.o(STACK)
    TOP_STACK                                0x20000200   Data           0  blink_even_odd.o(STACK)

    Global Symbols

    Symbol Name                              Value     Ov Type        Size  Object(Section)

    BuildAttributes$$THM_ISAv3M$S$PE$A:L22$X:L11$S22$IEEE1$IW$USESV6$~STKCKD$USESV7$~SHL$OSPACE$EBA8$MICROLIB$PRES8$EABIv2 0x00000000   Number         0  anon$$obj.o ABSOLUTE
    __Vectors                                0x00000000   Data           4  blink_even_odd.o(RESET)
    Reset_Handler                            0x00000035   Thumb Code     4  blink_even_odd.o(texts)



==============================================================================

Memory Map of the image

  Image Entry point : 0x00000035

  Load Region LR_1 (Base: 0x00000000, Size: 0x0000003c, Max: 0xffffffff, ABSOLUTE)

    Execution Region ER_RO (Base: 0x00000000, Size: 0x0000003c, Max: 0xffffffff, ABSOLUTE)

    Base Addr    Size         Type   Attr      Idx    E Section Name        Object

    0x00000000   0x00000008   Data   RO            2    RESET               blink_even_odd.o
    0x00000008   0x00000034   Code   RO            3  * texts               blink_even_odd.o


    Execution Region ER_RW (Base: 0x20000000, Size: 0x00000000, Max: 0xffffffff, ABSOLUTE)

    **** No section assigned to this execution region ****


    Execution Region ER_ZI (Base: 0x20000000, Size: 0x00000200, Max: 0xffffffff, ABSOLUTE)

    Base Addr    Size         Type   Attr      Idx    E Section Name        Object

    0x20000000   0x00000200   Zero   RW            1    STACK               blink_even_odd.o


==============================================================================

Image component sizes


      Code (inc. data)   RO Data    RW Data    ZI Data      Debug   Object Name

        52          8          8          0        512        324   blink_even_odd.o

    ----------------------------------------------------------------------
        52          8          8          0        512        324   Object Totals
         0          0          0          0          0          0   (incl. Generated)
         0          0          0          0          0          0   (incl. Padding)

    ----------------------------------------------------------------------
         0          0          0          0          0          0   Library Totals
         0          0          0          0          0          0   (incl. Padding)

    ----------------------------------------------------------------------

==============================================================================


      Code (inc. data)   RO Data    RW Data    ZI Data      Debug   

        52          8          8          0        512        324   Grand Totals
        52          8          8          0        512        324   ELF Image Totals
        52          8          8          0          0          0   ROM Totals

==============================================================================

    Total RO  Size (Code + RO Data)                   60 (   0.06kB)
    Total RW  Size (RW Data + ZI Data)               512 (   0.50kB)
    Total ROM Size (Code + RO Data + RW Data)         60 (   0.06kB)

==============================================================================

