<html>
<body>
<pre>
<h1>µVision Build Log</h1>
<h2>Project:</h2>
K:\Lab2\Ex_D\ex_a.uvproj
Project File Date:  09/07/2016

<h2>Output:</h2>
Build target 'Target 1'
compiling 7Seg_Arith.c...
linking...
Program Size: Code=184 RO-data=80 RW-data=0 ZI-data=512  
"ex_a.axf" - 0 Error(s), 0 Warning(s).
Build target 'Target 1'
compiling 7Seg_Arith.c...
7Seg_Arith.c(18): warning:  #63-D: shift count is too large
7Seg_Arith.c:                   DE0_7SEG_DISP= (DE0_SLIDE_SW&0x0F)<<32)+sevenSegCode[i];   
7Seg_Arith.c:                                                       ^
7Seg_Arith.c(18): error:  #65: expected a ";"
7Seg_Arith.c:                   DE0_7SEG_DISP= (DE0_SLIDE_SW&0x0F)<<32)+sevenSegCode[i];   
7Seg_Arith.c:                                                         ^
7Seg_Arith.c(13): warning:  #550-D: variable "i" was set but never used
7Seg_Arith.c:   int32_t i ;     
7Seg_Arith.c:           ^
7Seg_Arith.c(14): warning:  #177-D: variable "sevenSegCode" was declared but never referenced
7Seg_Arith.c:   uint8_t sevenSegCode[] = {0x3F, 0x06, 0x5B, 0x4F, 0x66, 0x6D, 0x7D, 0x07, 0x7F, 0x67};
7Seg_Arith.c:           ^
7Seg_Arith.c: 7Seg_Arith.c: 3 warnings, 1 error
Target not created
Build target 'Target 1'
compiling 7Seg_Arith.c...
7Seg_Arith.c(18): warning:  #63-D: shift count is too large
7Seg_Arith.c:                   DE0_7SEG_DISP= ((DE0_SLIDE_SW&0x0F)<<32)+sevenSegCode[i];   
7Seg_Arith.c:                                                        ^
7Seg_Arith.c: 7Seg_Arith.c: 1 warning, 0 errors
linking...
Program Size: Code=176 RO-data=80 RW-data=0 ZI-data=512  
"ex_a.axf" - 0 Error(s), 1 Warning(s).
Build target 'Target 1'
compiling 7Seg_Arith.c...
7Seg_Arith.c(18): warning:  #63-D: shift count is too large
7Seg_Arith.c:                   DE0_7SEG_DISP= ((DE0_SLIDE_SW&0x0F)<<32);   
7Seg_Arith.c:                                                        ^
7Seg_Arith.c(13): warning:  #550-D: variable "i" was set but never used
7Seg_Arith.c:   int32_t i ;     
7Seg_Arith.c:           ^
7Seg_Arith.c(14): warning:  #177-D: variable "sevenSegCode" was declared but never referenced
7Seg_Arith.c:   uint8_t sevenSegCode[] = {0x3F, 0x06, 0x5B, 0x4F, 0x66, 0x6D, 0x7D, 0x07, 0x7F, 0x67};
7Seg_Arith.c:           ^
7Seg_Arith.c: 7Seg_Arith.c: 3 warnings, 0 errors
linking...
Program Size: Code=160 RO-data=80 RW-data=0 ZI-data=512  
"ex_a.axf" - 0 Error(s), 3 Warning(s).
Build target 'Target 1'
compiling 7Seg_Arith.c...
7Seg_Arith.c(13): warning:  #550-D: variable "i" was set but never used
7Seg_Arith.c:   int32_t i ;     
7Seg_Arith.c:           ^
7Seg_Arith.c(14): warning:  #177-D: variable "sevenSegCode" was declared but never referenced
7Seg_Arith.c:   uint8_t sevenSegCode[] = {0x3F, 0x06, 0x5B, 0x4F, 0x66, 0x6D, 0x7D, 0x07, 0x7F, 0x67};
7Seg_Arith.c:           ^
7Seg_Arith.c: 7Seg_Arith.c: 2 warnings, 0 errors
linking...
Program Size: Code=164 RO-data=80 RW-data=0 ZI-data=512  
"ex_a.axf" - 0 Error(s), 2 Warning(s).
Build target 'Target 1'
compiling 7Seg_Arith.c...
7Seg_Arith.c(13): warning:  #550-D: variable "i" was set but never used
7Seg_Arith.c:   int32_t i ;     
7Seg_Arith.c:           ^
7Seg_Arith.c(14): warning:  #177-D: variable "sevenSegCode" was declared but never referenced
7Seg_Arith.c:   uint8_t sevenSegCode[] = {0x3F, 0x06, 0x5B, 0x4F, 0x66, 0x6D, 0x7D, 0x07, 0x7F, 0x67};
7Seg_Arith.c:           ^
7Seg_Arith.c: 7Seg_Arith.c: 2 warnings, 0 errors
linking...
Program Size: Code=164 RO-data=80 RW-data=0 ZI-data=512  
"ex_a.axf" - 0 Error(s), 2 Warning(s).
Build target 'Target 1'
compiling 7Seg_Arith.c...
7Seg_Arith.c(13): warning:  #550-D: variable "i" was set but never used
7Seg_Arith.c:   int32_t i ;     
7Seg_Arith.c:           ^
7Seg_Arith.c: 7Seg_Arith.c: 1 warning, 0 errors
linking...
Program Size: Code=168 RO-data=80 RW-data=0 ZI-data=512  
"ex_a.axf" - 0 Error(s), 1 Warning(s).
Build target 'Target 1'
compiling 7Seg_Arith.c...
7Seg_Arith.c(13): warning:  #550-D: variable "i" was set but never used
7Seg_Arith.c:   int32_t i ;     
7Seg_Arith.c:           ^
7Seg_Arith.c: 7Seg_Arith.c: 1 warning, 0 errors
linking...
Program Size: Code=168 RO-data=80 RW-data=0 ZI-data=512  
"ex_a.axf" - 0 Error(s), 1 Warning(s).
Build target 'Target 1'
compiling 7Seg_Arith.c...
7Seg_Arith.c(13): warning:  #550-D: variable "i" was set but never used
7Seg_Arith.c:   int32_t i ;     
7Seg_Arith.c:           ^
7Seg_Arith.c(14): warning:  #177-D: variable "sevenSegCode" was declared but never referenced
7Seg_Arith.c:   uint8_t sevenSegCode[] = {0x3F, 0x06, 0x5B, 0x4F, 0x66, 0x6D, 0x7D, 0x07, 0x7F, 0x67};
7Seg_Arith.c:           ^
7Seg_Arith.c: 7Seg_Arith.c: 2 warnings, 0 errors
linking...
Program Size: Code=160 RO-data=80 RW-data=0 ZI-data=512  
"ex_a.axf" - 0 Error(s), 2 Warning(s).
Build target 'Target 1'
compiling 7Seg_Arith.c...
linking...
Program Size: Code=204 RO-data=80 RW-data=0 ZI-data=512  
"ex_a.axf" - 0 Error(s), 0 Warning(s).
Build target 'Target 1'
compiling 7Seg_Arith.c...
linking...
Program Size: Code=204 RO-data=80 RW-data=0 ZI-data=512  
"ex_a.axf" - 0 Error(s), 0 Warning(s).
Build target 'Target 1'
compiling 7Seg_Arith.c...
linking...
Program Size: Code=204 RO-data=80 RW-data=0 ZI-data=512  
"ex_a.axf" - 0 Error(s), 0 Warning(s).
Build target 'Target 1'
compiling 7Seg_Arith.c...
linking...
Program Size: Code=204 RO-data=80 RW-data=0 ZI-data=512  
"ex_a.axf" - 0 Error(s), 0 Warning(s).
