<html>
<body>
<pre>
<h1>µVision Build Log</h1>
<h2>Project:</h2>
K:\Lab2\Ex_E\ex_a.uvproj
Project File Date:  09/07/2016

<h2>Output:</h2>
Build target 'Target 1'
assembling startup.s...
..\startup.s(142): warning: A1581W: Added 2 bytes of padding at address 0xe
..\startup.s:   142 00000010                 END
..\startup.s: 0 Errors, 1 Warning
compiling ToneGen.c...
ToneGen.c(14): warning:  #951-D: return type of function "main" must be "int"
ToneGen.c:   void main (void){  
ToneGen.c:        ^
ToneGen.c: ToneGen.c: 1 warning, 0 errors
linking...
Program Size: Code=204 RO-data=80 RW-data=0 ZI-data=512  
"ex_a.axf" - 0 Error(s), 2 Warning(s).
Build target 'Target 1'
compiling ToneGen.c...
ToneGen.c(14): warning:  #951-D: return type of function "main" must be "int"
ToneGen.c:   void main (void){  
ToneGen.c:        ^
ToneGen.c(23): warning:  #174-D: expression has no effect
ToneGen.c:                 for (countUp ; countUp > 0; countUp--){
ToneGen.c:                      ^
ToneGen.c: ToneGen.c: 2 warnings, 0 errors
linking...
Program Size: Code=232 RO-data=80 RW-data=0 ZI-data=512  
"ex_a.axf" - 0 Error(s), 2 Warning(s).
Build target 'Target 1'
compiling ToneGen.c...
ToneGen.c(14): warning:  #951-D: return type of function "main" must be "int"
ToneGen.c:   void main (void){  
ToneGen.c:        ^
ToneGen.c(17): error:  #20: identifier "bool" is undefined
ToneGen.c:   bool up = true;
ToneGen.c:   ^
ToneGen.c(17): error:  #20: identifier "true" is undefined
ToneGen.c:   bool up = true;
ToneGen.c:             ^
ToneGen.c(22): error:  #20: identifier "false" is undefined
ToneGen.c:                       up = false;
ToneGen.c:                            ^
ToneGen.c: ToneGen.c: 1 warning, 3 errors
Target not created
Build target 'Target 1'
compiling ToneGen.c...
ToneGen.c(14): warning:  #951-D: return type of function "main" must be "int"
ToneGen.c:   void main (void){  
ToneGen.c:        ^
ToneGen.c(17): error:  #20: identifier "bool" is undefined
ToneGen.c:   bool up = true;
ToneGen.c:   ^
ToneGen.c(17): error:  #20: identifier "true" is undefined
ToneGen.c:   bool up = true;
ToneGen.c:             ^
ToneGen.c(22): error:  #20: identifier "false" is undefined
ToneGen.c:                       up = false;
ToneGen.c:                            ^
ToneGen.c: ToneGen.c: 1 warning, 3 errors
Target not created
Build target 'Target 1'
compiling ToneGen.c...
ToneGen.c(14): warning:  #951-D: return type of function "main" must be "int"
ToneGen.c:   void main (void){  
ToneGen.c:        ^
ToneGen.c(17): error:  #20: identifier "bool" is undefined
ToneGen.c:   bool up = TRUE;
ToneGen.c:   ^
ToneGen.c(17): error:  #20: identifier "TRUE" is undefined
ToneGen.c:   bool up = TRUE;
ToneGen.c:             ^
ToneGen.c(22): error:  #20: identifier "false" is undefined
ToneGen.c:                       up = false;
ToneGen.c:                            ^
ToneGen.c(24): error:  #20: identifier "true" is undefined
ToneGen.c:                       up = true;
ToneGen.c:                            ^
ToneGen.c: ToneGen.c: 1 warning, 4 errors
Target not created
Build target 'Target 1'
compiling ToneGen.c...
ToneGen.c(14): warning:  #951-D: return type of function "main" must be "int"
ToneGen.c:   void main (void){  
ToneGen.c:        ^
ToneGen.c(17): error:  #20: identifier "bo9olean" is undefined
ToneGen.c:   bo9olean up = TRUE;
ToneGen.c:   ^
ToneGen.c(17): error:  #20: identifier "TRUE" is undefined
ToneGen.c:   bo9olean up = TRUE;
ToneGen.c:                 ^
ToneGen.c(22): error:  #20: identifier "false" is undefined
ToneGen.c:                       up = false;
ToneGen.c:                            ^
ToneGen.c(24): error:  #20: identifier "true" is undefined
ToneGen.c:                       up = true;
ToneGen.c:                            ^
ToneGen.c: ToneGen.c: 1 warning, 4 errors
Target not created
Build target 'Target 1'
compiling ToneGen.c...
ToneGen.c(14): warning:  #951-D: return type of function "main" must be "int"
ToneGen.c:   void main (void){  
ToneGen.c:        ^
ToneGen.c(17): error:  #20: identifier "boolean" is undefined
ToneGen.c:   boolean up = TRUE;
ToneGen.c:   ^
ToneGen.c(17): error:  #20: identifier "TRUE" is undefined
ToneGen.c:   boolean up = TRUE;
ToneGen.c:                ^
ToneGen.c(22): error:  #20: identifier "false" is undefined
ToneGen.c:                       up = false;
ToneGen.c:                            ^
ToneGen.c(24): error:  #20: identifier "true" is undefined
ToneGen.c:                       up = true;
ToneGen.c:                            ^
ToneGen.c: ToneGen.c: 1 warning, 4 errors
Target not created
Build target 'Target 1'
compiling ToneGen.c...
ToneGen.c(14): warning:  #951-D: return type of function "main" must be "int"
ToneGen.c:   void main (void){  
ToneGen.c:        ^
ToneGen.c(17): error:  #20: identifier "boolean" is undefined
ToneGen.c:   boolean up = TRUE;
ToneGen.c:   ^
ToneGen.c(17): error:  #20: identifier "TRUE" is undefined
ToneGen.c:   boolean up = TRUE;
ToneGen.c:                ^
ToneGen.c(22): error:  #20: identifier "false" is undefined
ToneGen.c:                       up = false;
ToneGen.c:                            ^
ToneGen.c(24): error:  #20: identifier "true" is undefined
ToneGen.c:                       up = true;
ToneGen.c:                            ^
ToneGen.c: ToneGen.c: 1 warning, 4 errors
Target not created
Build target 'Target 1'
compiling ToneGen.c...
ToneGen.c(14): warning:  #951-D: return type of function "main" must be "int"
ToneGen.c:   void main (void){  
ToneGen.c:        ^
ToneGen.c: ToneGen.c: 1 warning, 0 errors
linking...
Program Size: Code=244 RO-data=80 RW-data=0 ZI-data=512  
"ex_a.axf" - 0 Error(s), 1 Warning(s).
Build target 'Target 1'
compiling ToneGen.c...
ToneGen.c(14): warning:  #951-D: return type of function "main" must be "int"
ToneGen.c:   void main (void){  
ToneGen.c:        ^
ToneGen.c(23): warning:  #174-D: expression has no effect
ToneGen.c:                 for (countUp; countUp > 0; countUp--){
ToneGen.c:                      ^
ToneGen.c(28): error:  #127: expected a statement
ToneGen.c:       else if (DE0_SLIDE_SW ==0 ) {          // no slide switch is activated
ToneGen.c:       ^
ToneGen.c(32): warning:  #12-D: parsing restarts here after previous syntax error
ToneGen.c:     }
ToneGen.c:     ^
ToneGen.c(33): error: At end of source:  #67: expected a "}"
ToneGen.c: ToneGen.c: 3 warnings, 2 errors
Target not created
Build target 'Target 1'
compiling ToneGen.c...
ToneGen.c(14): warning:  #951-D: return type of function "main" must be "int"
ToneGen.c:   void main (void){  
ToneGen.c:        ^
ToneGen.c(23): warning:  #174-D: expression has no effect
ToneGen.c:                 for (countUp; countUp > 0; countUp--){
ToneGen.c:                      ^
ToneGen.c(28): error:  #127: expected a statement
ToneGen.c:       else if (DE0_SLIDE_SW ==0 ) {          // no slide switch is activated
ToneGen.c:       ^
ToneGen.c(32): warning:  #12-D: parsing restarts here after previous syntax error
ToneGen.c:     }
ToneGen.c:     ^
ToneGen.c(33): error: At end of source:  #67: expected a "}"
ToneGen.c: ToneGen.c: 3 warnings, 2 errors
Target not created
Build target 'Target 1'
compiling ToneGen.c...
ToneGen.c(14): warning:  #951-D: return type of function "main" must be "int"
ToneGen.c:   void main (void){  
ToneGen.c:        ^
ToneGen.c(24): warning:  #174-D: expression has no effect
ToneGen.c:                 for (countUp; countUp > 0; countUp--){
ToneGen.c:                      ^
ToneGen.c: ToneGen.c: 2 warnings, 0 errors
linking...
Program Size: Code=232 RO-data=80 RW-data=0 ZI-data=512  
"ex_a.axf" - 0 Error(s), 2 Warning(s).
Build target 'Target 1'
linking...
Program Size: Code=232 RO-data=80 RW-data=0 ZI-data=512  
"ex_a.axf" - 0 Error(s), 0 Warning(s).
Build target 'Target 1'
compiling ToneGen.c...
ToneGen.c(14): warning:  #951-D: return type of function "main" must be "int"
ToneGen.c:   void main (void){  
ToneGen.c:        ^
ToneGen.c(24): warning:  #174-D: expression has no effect
ToneGen.c:                 for (countUp; countUp > 0; countUp--){
ToneGen.c:                      ^
ToneGen.c: ToneGen.c: 2 warnings, 0 errors
linking...
Program Size: Code=240 RO-data=80 RW-data=0 ZI-data=512  
"ex_a.axf" - 0 Error(s), 2 Warning(s).
Build target 'Target 1'
compiling ToneGen.c...
ToneGen.c(14): warning:  #951-D: return type of function "main" must be "int"
ToneGen.c:   void main (void){  
ToneGen.c:        ^
ToneGen.c(24): warning:  #174-D: expression has no effect
ToneGen.c:                 for (countUp; countUp > 0; countUp--){
ToneGen.c:                      ^
ToneGen.c(26): error:  #29: expected an expression
ToneGen.c:                 for(i = 0; i < 400; i++);  .
ToneGen.c:                                            ^
ToneGen.c: ToneGen.c: 2 warnings, 1 error
Target not created
Build target 'Target 1'
compiling ToneGen.c...
ToneGen.c(14): warning:  #951-D: return type of function "main" must be "int"
ToneGen.c:   void main (void){  
ToneGen.c:        ^
ToneGen.c(24): warning:  #174-D: expression has no effect
ToneGen.c:                 for (countUp; countUp > 0; countUp--){
ToneGen.c:                      ^
ToneGen.c(26): error:  #29: expected an expression
ToneGen.c:                 for(i = 0; i < 400; i++);  .
ToneGen.c:                                            ^
ToneGen.c(27): error:  #65: expected a ";"
ToneGen.c:                 }  DAC_A = 16;
ToneGen.c:                 ^
ToneGen.c: ToneGen.c: 2 warnings, 2 errors
Target not created
Build target 'Target 1'
compiling ToneGen.c...
ToneGen.c(14): warning:  #951-D: return type of function "main" must be "int"
ToneGen.c:   void main (void){  
ToneGen.c:        ^
ToneGen.c(24): warning:  #174-D: expression has no effect
ToneGen.c:                 for (countUp; countUp > 0; countUp--){
ToneGen.c:                      ^
ToneGen.c: ToneGen.c: 2 warnings, 0 errors
linking...
Program Size: Code=244 RO-data=80 RW-data=0 ZI-data=512  
"ex_a.axf" - 0 Error(s), 2 Warning(s).
Build target 'Target 1'
compiling ToneGen.c...
ToneGen.c(14): warning:  #951-D: return type of function "main" must be "int"
ToneGen.c:   void main (void){  
ToneGen.c:        ^
ToneGen.c(23): error:  #20: identifier "count" is undefined
ToneGen.c:                 while(count>=0){
ToneGen.c:                       ^
ToneGen.c: ToneGen.c: 1 warning, 1 error
Target not created
Build target 'Target 1'
compiling ToneGen.c...
ToneGen.c(14): warning:  #951-D: return type of function "main" must be "int"
ToneGen.c:   void main (void){  
ToneGen.c:        ^
ToneGen.c(23): error:  #20: identifier "count" is undefined
ToneGen.c:                 while(count>=0){
ToneGen.c:                       ^
ToneGen.c: ToneGen.c: 1 warning, 1 error
Target not created
Build target 'Target 1'
compiling ToneGen.c...
ToneGen.c(14): warning:  #951-D: return type of function "main" must be "int"
ToneGen.c:   void main (void){  
ToneGen.c:        ^
ToneGen.c(23): error:  #20: identifier "count" is undefined
ToneGen.c:                 while(count>=0){
ToneGen.c:                       ^
ToneGen.c: ToneGen.c: 1 warning, 1 error
Target not created
Build target 'Target 1'
compiling ToneGen.c...
ToneGen.c(14): warning:  #951-D: return type of function "main" must be "int"
ToneGen.c:   void main (void){  
ToneGen.c:        ^
ToneGen.c: ToneGen.c: 1 warning, 0 errors
linking...
Program Size: Code=240 RO-data=80 RW-data=0 ZI-data=512  
"ex_a.axf" - 0 Error(s), 1 Warning(s).
Build target 'Target 1'
compiling ToneGen.c...
ToneGen.c(14): warning:  #951-D: return type of function "main" must be "int"
ToneGen.c:   void main (void){  
ToneGen.c:        ^
ToneGen.c: ToneGen.c: 1 warning, 0 errors
linking...
Program Size: Code=240 RO-data=80 RW-data=0 ZI-data=512  
"ex_a.axf" - 0 Error(s), 1 Warning(s).
Build target 'Target 1'
compiling ToneGen.c...
ToneGen.c(14): warning:  #951-D: return type of function "main" must be "int"
ToneGen.c:   void main (void){  
ToneGen.c:        ^
ToneGen.c: ToneGen.c: 1 warning, 0 errors
linking...
Program Size: Code=240 RO-data=80 RW-data=0 ZI-data=512  
"ex_a.axf" - 0 Error(s), 1 Warning(s).
