ARM Linker, RVCT4.0 [Build 728] [Standard]

==============================================================================

Section Cross References

    exe_d.o(RESET) refers to exe_d.o(STACK) for TOP_STACK
    exe_d.o(RESET) refers to exe_d.o(texts) for START


==============================================================================

Image Symbol Table

    Local Symbols

    Symbol Name                              Value     Ov Type        Size  Object(Section)

    RESET                                    0x00000000   Section        8  exe_d.o(RESET)
    Exe_D.s                                  0x00000000   Number         0  exe_d.o ABSOLUTE
    texts                                    0x00000008   Section       84  exe_d.o(texts)
    START                                    0x00000009   Thumb Code    36  exe_d.o(texts)
    DELAY                                    0x0000002d   Thumb Code    14  exe_d.o(texts)
    STACK                                    0x20000000   Section      512  exe_d.o(STACK)
    TOP_STACK                                0x20000200   Data           0  exe_d.o(STACK)

    Global Symbols

    Symbol Name                              Value     Ov Type        Size  Object(Section)

    BuildAttributes$$THM_ISAv3M$S$PE$A:L22$X:L11$S22$IEEE1$IW$USESV6$~STKCKD$USESV7$~SHL$OSPACE$EBA8$MICROLIB$PRES8$EABIv2 0x00000000   Number         0  anon$$obj.o ABSOLUTE
    __Vectors                                0x00000000   Data           4  exe_d.o(RESET)
    Reset_Handler                            0x00000055   Thumb Code     4  exe_d.o(texts)



==============================================================================

Memory Map of the image

  Image Entry point : 0x00000055

  Load Region LR_1 (Base: 0x00000000, Size: 0x0000005c, Max: 0xffffffff, ABSOLUTE)

    Execution Region ER_RO (Base: 0x00000000, Size: 0x0000005c, Max: 0xffffffff, ABSOLUTE)

    Base Addr    Size         Type   Attr      Idx    E Section Name        Object

    0x00000000   0x00000008   Data   RO            2    RESET               exe_d.o
    0x00000008   0x00000054   Code   RO            3  * texts               exe_d.o


    Execution Region ER_RW (Base: 0x20000000, Size: 0x00000000, Max: 0xffffffff, ABSOLUTE)

    **** No section assigned to this execution region ****


    Execution Region ER_ZI (Base: 0x20000000, Size: 0x00000200, Max: 0xffffffff, ABSOLUTE)

    Base Addr    Size         Type   Attr      Idx    E Section Name        Object

    0x20000000   0x00000200   Zero   RW            1    STACK               exe_d.o


==============================================================================

Image component sizes


      Code (inc. data)   RO Data    RW Data    ZI Data      Debug   Object Name

        84         30          8          0        512        312   exe_d.o

    ----------------------------------------------------------------------
        84         30          8          0        512        312   Object Totals
         0          0          0          0          0          0   (incl. Generated)
         0          0          0          0          0          0   (incl. Padding)

    ----------------------------------------------------------------------
         0          0          0          0          0          0   Library Totals
         0          0          0          0          0          0   (incl. Padding)

    ----------------------------------------------------------------------

==============================================================================


      Code (inc. data)   RO Data    RW Data    ZI Data      Debug   

        84         30          8          0        512        312   Grand Totals
        84         30          8          0        512        312   ELF Image Totals
        84         30          8          0          0          0   ROM Totals

==============================================================================

    Total RO  Size (Code + RO Data)                   92 (   0.09kB)
    Total RW  Size (RW Data + ZI Data)               512 (   0.50kB)
    Total ROM Size (Code + RO Data + RW Data)         92 (   0.09kB)

==============================================================================

