ARM Linker, RVCT4.0 [Build 728] [Standard]

==============================================================================

Section Cross References

    exe_c.o(RESET) refers to exe_c.o(STACK) for TOP_STACK
    exe_c.o(RESET) refers to exe_c.o(texts) for START


==============================================================================

Image Symbol Table

    Local Symbols

    Symbol Name                              Value     Ov Type        Size  Object(Section)

    RESET                                    0x00000000   Section        8  exe_c.o(RESET)
    Exe_C.s                                  0x00000000   Number         0  exe_c.o ABSOLUTE
    texts                                    0x00000008   Section       72  exe_c.o(texts)
    START                                    0x00000009   Thumb Code    30  exe_c.o(texts)
    DELAY                                    0x00000027   Thumb Code    14  exe_c.o(texts)
    STACK                                    0x20000000   Section      512  exe_c.o(STACK)
    TOP_STACK                                0x20000200   Data           0  exe_c.o(STACK)

    Global Symbols

    Symbol Name                              Value     Ov Type        Size  Object(Section)

    BuildAttributes$$THM_ISAv3M$S$PE$A:L22$X:L11$S22$IEEE1$IW$USESV6$~STKCKD$USESV7$~SHL$OSPACE$EBA8$MICROLIB$PRES8$EABIv2 0x00000000   Number         0  anon$$obj.o ABSOLUTE
    __Vectors                                0x00000000   Data           4  exe_c.o(RESET)
    Reset_Handler                            0x00000049   Thumb Code     4  exe_c.o(texts)



==============================================================================

Memory Map of the image

  Image Entry point : 0x00000049

  Load Region LR_1 (Base: 0x00000000, Size: 0x00000050, Max: 0xffffffff, ABSOLUTE)

    Execution Region ER_RO (Base: 0x00000000, Size: 0x00000050, Max: 0xffffffff, ABSOLUTE)

    Base Addr    Size         Type   Attr      Idx    E Section Name        Object

    0x00000000   0x00000008   Data   RO            2    RESET               exe_c.o
    0x00000008   0x00000048   Code   RO            3  * texts               exe_c.o


    Execution Region ER_RW (Base: 0x20000000, Size: 0x00000000, Max: 0xffffffff, ABSOLUTE)

    **** No section assigned to this execution region ****


    Execution Region ER_ZI (Base: 0x20000000, Size: 0x00000200, Max: 0xffffffff, ABSOLUTE)

    Base Addr    Size         Type   Attr      Idx    E Section Name        Object

    0x20000000   0x00000200   Zero   RW            1    STACK               exe_c.o


==============================================================================

Image component sizes


      Code (inc. data)   RO Data    RW Data    ZI Data      Debug   Object Name

        72         24          8          0        512        308   exe_c.o

    ----------------------------------------------------------------------
        72         24          8          0        512        308   Object Totals
         0          0          0          0          0          0   (incl. Generated)
         0          0          0          0          0          0   (incl. Padding)

    ----------------------------------------------------------------------
         0          0          0          0          0          0   Library Totals
         0          0          0          0          0          0   (incl. Padding)

    ----------------------------------------------------------------------

==============================================================================


      Code (inc. data)   RO Data    RW Data    ZI Data      Debug   

        72         24          8          0        512        308   Grand Totals
        72         24          8          0        512        308   ELF Image Totals
        72         24          8          0          0          0   ROM Totals

==============================================================================

    Total RO  Size (Code + RO Data)                   80 (   0.08kB)
    Total RW  Size (RW Data + ZI Data)               512 (   0.50kB)
    Total ROM Size (Code + RO Data + RW Data)         80 (   0.08kB)

==============================================================================

