ARM Linker, RVCT4.0 [Build 728] [Standard]

==============================================================================

Section Cross References

    startup.o(RESET) refers to startup.o(STACK) for __initial_sp
    startup.o(RESET) refers to startup.o(.text) for Reset_Handler
    startup.o(.text) refers to entry.o(.ARM.Collect$$$$00000000) for __main
    entry.o(.ARM.Collect$$$$00000000) refers (Special) to entry7.o(.ARM.Collect$$$$00000007) for _main_init
    entry.o(.ARM.Collect$$$$00000000) refers (Special) to entry5.o(.ARM.Collect$$$$00000004) for _main_scatterload
    entry.o(.ARM.Collect$$$$00000000) refers (Special) to entry2.o(.ARM.Collect$$$$00000001) for _main_stk
    entry2.o(.ARM.Collect$$$$00000001) refers to entry2.o(.ARM.Collect$$$$00002712) for __lit__00000000
    entry2.o(.ARM.Collect$$$$00002712) refers to startup.o(STACK) for __initial_sp
    entry2.o(__vectab_stack_and_reset_area) refers to startup.o(STACK) for __initial_sp
    entry2.o(__vectab_stack_and_reset_area) refers to entry.o(.ARM.Collect$$$$00000000) for __main
    entry5.o(.ARM.Collect$$$$00000004) refers to init.o(.text) for __scatterload
    entry7.o(.ARM.Collect$$$$00000007) refers to blink_led.o(.text) for main
    init.o(.text) refers to entry5.o(.ARM.Collect$$$$00000004) for __main_after_scatterload


==============================================================================

Removing Unused input sections from the image.

    Removing startup.o(HEAP), (1024 bytes).

1 unused section(s) (total 1024 bytes) removed from the image.

==============================================================================

Image Symbol Table

    Local Symbols

    Symbol Name                              Value     Ov Type        Size  Object(Section)

    RESET                                    0x00000000   Section       64  startup.o(RESET)
    ../../microlib/init/entry.s              0x00000000   Number         0  entry.o ABSOLUTE
    ../../microlib/init/entry.s              0x00000000   Number         0  entry2.o ABSOLUTE
    ../../microlib/init/entry.s              0x00000000   Number         0  entry5.o ABSOLUTE
    ../../microlib/init/entry.s              0x00000000   Number         0  entry7.o ABSOLUTE
    ..\Blink_LED.c                           0x00000000   Number         0  blink_led.o ABSOLUTE
    ..\startup.s                             0x00000000   Number         0  startup.o ABSOLUTE
    dc.s                                     0x00000000   Number         0  dc.o ABSOLUTE
    handlers.s                               0x00000000   Number         0  handlers.o ABSOLUTE
    init.s                                   0x00000000   Number         0  init.o ABSOLUTE
    .ARM.Collect$$$$00000000                 0x00000040   Section        0  entry.o(.ARM.Collect$$$$00000000)
    .ARM.Collect$$$$00000001                 0x00000040   Section        4  entry2.o(.ARM.Collect$$$$00000001)
    .ARM.Collect$$$$00000004                 0x00000044   Section        4  entry5.o(.ARM.Collect$$$$00000004)
    .ARM.Collect$$$$00000007                 0x00000048   Section        8  entry7.o(.ARM.Collect$$$$00000007)
    .ARM.Collect$$$$00002712                 0x00000050   Section        4  entry2.o(.ARM.Collect$$$$00002712)
    __lit__00000000                          0x00000050   Data           4  entry2.o(.ARM.Collect$$$$00002712)
    .text                                    0x00000054   Section       20  startup.o(.text)
    .text                                    0x00000068   Section        0  blink_led.o(.text)
    .text                                    0x0000009c   Section       36  init.o(.text)
    i.__scatterload_copy                     0x000000c0   Section       14  handlers.o(i.__scatterload_copy)
    i.__scatterload_null                     0x000000ce   Section        2  handlers.o(i.__scatterload_null)
    i.__scatterload_zeroinit                 0x000000d0   Section       14  handlers.o(i.__scatterload_zeroinit)
    STACK                                    0x20000000   Section      512  startup.o(STACK)

    Global Symbols

    Symbol Name                              Value     Ov Type        Size  Object(Section)

    BuildAttributes$$THM_ISAv3M$S$PE$A:L22$X:L11$S22$IEEE1$IW$USESV6$~STKCKD$USESV7$~SHL$OSPACE$EBA8$MICROLIB$REQ8$PRES8$EABIv2 0x00000000   Number         0  anon$$obj.o ABSOLUTE
    __ARM_use_no_argv                        0x00000000   Number         0  blink_led.o ABSOLUTE
    __Vectors                                0x00000000   Data           4  startup.o(RESET)
    __decompress                              - Undefined Weak Reference
    __main                                   0x00000041   Thumb Code     0  entry.o(.ARM.Collect$$$$00000000)
    _main_stk                                0x00000041   Thumb Code     0  entry2.o(.ARM.Collect$$$$00000001)
    _main_scatterload                        0x00000045   Thumb Code     0  entry5.o(.ARM.Collect$$$$00000004)
    __main_after_scatterload                 0x00000049   Thumb Code     0  entry5.o(.ARM.Collect$$$$00000004)
    _main_init                               0x00000049   Thumb Code     0  entry7.o(.ARM.Collect$$$$00000007)
    Reset_Handler                            0x00000055   Thumb Code     4  startup.o(.text)
    NMI_Handler                              0x00000059   Thumb Code     2  startup.o(.text)
    HardFault_Handler                        0x0000005b   Thumb Code     2  startup.o(.text)
    SVC_Handler                              0x0000005d   Thumb Code     2  startup.o(.text)
    PendSV_Handler                           0x0000005f   Thumb Code     2  startup.o(.text)
    SysTick_Handler                          0x00000061   Thumb Code     2  startup.o(.text)
    main                                     0x00000069   Thumb Code    44  blink_led.o(.text)
    __scatterload                            0x0000009d   Thumb Code    28  init.o(.text)
    __scatterload_rt2                        0x0000009d   Thumb Code     0  init.o(.text)
    __scatterload_copy                       0x000000c1   Thumb Code    14  handlers.o(i.__scatterload_copy)
    __scatterload_null                       0x000000cf   Thumb Code     2  handlers.o(i.__scatterload_null)
    __scatterload_zeroinit                   0x000000d1   Thumb Code    14  handlers.o(i.__scatterload_zeroinit)
    Region$$Table$$Base                      0x000000e0   Number         0  anon$$obj.o(Region$$Table)
    Region$$Table$$Limit                     0x000000f0   Number         0  anon$$obj.o(Region$$Table)
    __initial_sp                             0x20000200   Data           0  startup.o(STACK)



==============================================================================

Memory Map of the image

  Image Entry point : 0x00000041

  Load Region LR_IROM1 (Base: 0x00000000, Size: 0x000000f0, Max: 0x00008000, ABSOLUTE)

    Execution Region ER_IROM1 (Base: 0x00000000, Size: 0x000000f0, Max: 0x00008000, ABSOLUTE)

    Base Addr    Size         Type   Attr      Idx    E Section Name        Object

    0x00000000   0x00000040   Data   RO            3    RESET               startup.o
    0x00000040   0x00000000   Code   RO           26  * .ARM.Collect$$$$00000000  entry.o(mc_p.l)
    0x00000040   0x00000004   Code   RO           29    .ARM.Collect$$$$00000001  entry2.o(mc_p.l)
    0x00000044   0x00000004   Code   RO           32    .ARM.Collect$$$$00000004  entry5.o(mc_p.l)
    0x00000048   0x00000008   Code   RO           33    .ARM.Collect$$$$00000007  entry7.o(mc_p.l)
    0x00000050   0x00000004   Code   RO           30    .ARM.Collect$$$$00002712  entry2.o(mc_p.l)
    0x00000054   0x00000014   Code   RO            4    .text               startup.o
    0x00000068   0x00000034   Code   RO           10    .text               blink_led.o
    0x0000009c   0x00000024   Code   RO           34    .text               init.o(mc_p.l)
    0x000000c0   0x0000000e   Code   RO           38    i.__scatterload_copy  handlers.o(mc_p.l)
    0x000000ce   0x00000002   Code   RO           39    i.__scatterload_null  handlers.o(mc_p.l)
    0x000000d0   0x0000000e   Code   RO           40    i.__scatterload_zeroinit  handlers.o(mc_p.l)
    0x000000de   0x00000002   PAD
    0x000000e0   0x00000010   Data   RO           36    Region$$Table       anon$$obj.o


    Execution Region RW_IRAM1 (Base: 0x20000000, Size: 0x00000200, Max: 0x00004000, ABSOLUTE)

    Base Addr    Size         Type   Attr      Idx    E Section Name        Object

    0x20000000   0x00000200   Zero   RW            1    STACK               startup.o


==============================================================================

Image component sizes


      Code (inc. data)   RO Data    RW Data    ZI Data      Debug   Object Name

        52          8          0          0          0       4559   blink_led.o
        20          6         64          0        512        352   startup.o

    ----------------------------------------------------------------------
        72         14         80          0        512       4911   Object Totals
         0          0         16          0          0          0   (incl. Generated)
         0          0          0          0          0          3   (incl. Padding)

    ----------------------------------------------------------------------

      Code (inc. data)   RO Data    RW Data    ZI Data      Debug   Library Member Name

         0          0          0          0          0          0   entry.o
         8          4          0          0          0          0   entry2.o
         4          0          0          0          0          0   entry5.o
         8          4          0          0          0          0   entry7.o
        30          0          0          0          0          0   handlers.o
        36          8          0          0          0         68   init.o

    ----------------------------------------------------------------------
        88         16          0          0          0         68   Library Totals
         2          0          0          0          0          0   (incl. Padding)

    ----------------------------------------------------------------------

      Code (inc. data)   RO Data    RW Data    ZI Data      Debug   Library Name

        86         16          0          0          0         68   mc_p.l

    ----------------------------------------------------------------------
        88         16          0          0          0         68   Library Totals

    ----------------------------------------------------------------------

==============================================================================


      Code (inc. data)   RO Data    RW Data    ZI Data      Debug   

       160         30         80          0        512       4932   Grand Totals
       160         30         80          0        512       4932   ELF Image Totals
       160         30         80          0          0          0   ROM Totals

==============================================================================

    Total RO  Size (Code + RO Data)                  240 (   0.23kB)
    Total RW  Size (RW Data + ZI Data)               512 (   0.50kB)
    Total ROM Size (Code + RO Data + RW Data)        240 (   0.23kB)

==============================================================================

