ARM Linker, RVCT4.0 [Build 728] [Standard]

==============================================================================

Section Cross References

    startup.o(RESET) refers to startup.o(STACK) for __initial_sp
    startup.o(RESET) refers to startup.o(.text) for Reset_Handler
    startup.o(.text) refers to entry.o(.ARM.Collect$$$$00000000) for __main
    main3a.o(.text) refers to i2c.o(.text) for set_clk
    entry.o(.ARM.Collect$$$$00000000) refers (Special) to entry7.o(.ARM.Collect$$$$00000007) for _main_init
    entry.o(.ARM.Collect$$$$00000000) refers (Special) to entry5.o(.ARM.Collect$$$$00000004) for _main_scatterload
    entry.o(.ARM.Collect$$$$00000000) refers (Special) to entry2.o(.ARM.Collect$$$$00000001) for _main_stk
    entry2.o(.ARM.Collect$$$$00000001) refers to entry2.o(.ARM.Collect$$$$00002712) for __lit__00000000
    entry2.o(.ARM.Collect$$$$00002712) refers to startup.o(STACK) for __initial_sp
    entry2.o(__vectab_stack_and_reset_area) refers to startup.o(STACK) for __initial_sp
    entry2.o(__vectab_stack_and_reset_area) refers to entry.o(.ARM.Collect$$$$00000000) for __main
    entry5.o(.ARM.Collect$$$$00000004) refers to init.o(.text) for __scatterload
    entry7.o(.ARM.Collect$$$$00000007) refers to main3a.o(.text) for main
    init.o(.text) refers to entry5.o(.ARM.Collect$$$$00000004) for __main_after_scatterload


==============================================================================

Removing Unused input sections from the image.

    Removing startup.o(HEAP), (1024 bytes).

1 unused section(s) (total 1024 bytes) removed from the image.

==============================================================================

Image Symbol Table

    Local Symbols

    Symbol Name                              Value     Ov Type        Size  Object(Section)

    RESET                                    0x00000000   Section       64  startup.o(RESET)
    ../../microlib/init/entry.s              0x00000000   Number         0  entry.o ABSOLUTE
    ../../microlib/init/entry.s              0x00000000   Number         0  entry2.o ABSOLUTE
    ../../microlib/init/entry.s              0x00000000   Number         0  entry5.o ABSOLUTE
    ../../microlib/init/entry.s              0x00000000   Number         0  entry7.o ABSOLUTE
    dc.s                                     0x00000000   Number         0  dc.o ABSOLUTE
    handlers.s                               0x00000000   Number         0  handlers.o ABSOLUTE
    i2c.c                                    0x00000000   Number         0  i2c.o ABSOLUTE
    init.s                                   0x00000000   Number         0  init.o ABSOLUTE
    main3A.c                                 0x00000000   Number         0  main3a.o ABSOLUTE
    startup.s                                0x00000000   Number         0  startup.o ABSOLUTE
    .ARM.Collect$$$$00000000                 0x00000040   Section        0  entry.o(.ARM.Collect$$$$00000000)
    .ARM.Collect$$$$00000001                 0x00000040   Section        4  entry2.o(.ARM.Collect$$$$00000001)
    .ARM.Collect$$$$00000004                 0x00000044   Section        4  entry5.o(.ARM.Collect$$$$00000004)
    .ARM.Collect$$$$00000007                 0x00000048   Section        8  entry7.o(.ARM.Collect$$$$00000007)
    .ARM.Collect$$$$00002712                 0x00000050   Section        4  entry2.o(.ARM.Collect$$$$00002712)
    __lit__00000000                          0x00000050   Data           4  entry2.o(.ARM.Collect$$$$00002712)
    .text                                    0x00000054   Section       20  startup.o(.text)
    .text                                    0x00000068   Section        0  main3a.o(.text)
    .text                                    0x000000b0   Section        0  i2c.o(.text)
    .text                                    0x0000018c   Section       36  init.o(.text)
    i.__scatterload_copy                     0x000001b0   Section       14  handlers.o(i.__scatterload_copy)
    i.__scatterload_null                     0x000001be   Section        2  handlers.o(i.__scatterload_null)
    i.__scatterload_zeroinit                 0x000001c0   Section       14  handlers.o(i.__scatterload_zeroinit)
    STACK                                    0x20000000   Section      512  startup.o(STACK)

    Global Symbols

    Symbol Name                              Value     Ov Type        Size  Object(Section)

    BuildAttributes$$THM_ISAv3M$S$PE$A:L22$X:L11$S22$IEEE1$IW$USESV6$~STKCKD$USESV7$~SHL$OSPACE$EBA8$MICROLIB$REQ8$PRES8$EABIv2 0x00000000   Number         0  anon$$obj.o ABSOLUTE
    __ARM_use_no_argv                        0x00000000   Number         0  main3a.o ABSOLUTE
    __Vectors                                0x00000000   Data           4  startup.o(RESET)
    __decompress                              - Undefined Weak Reference
    __main                                   0x00000041   Thumb Code     0  entry.o(.ARM.Collect$$$$00000000)
    _main_stk                                0x00000041   Thumb Code     0  entry2.o(.ARM.Collect$$$$00000001)
    _main_scatterload                        0x00000045   Thumb Code     0  entry5.o(.ARM.Collect$$$$00000004)
    __main_after_scatterload                 0x00000049   Thumb Code     0  entry5.o(.ARM.Collect$$$$00000004)
    _main_init                               0x00000049   Thumb Code     0  entry7.o(.ARM.Collect$$$$00000007)
    Reset_Handler                            0x00000055   Thumb Code     4  startup.o(.text)
    NMI_Handler                              0x00000059   Thumb Code     2  startup.o(.text)
    HardFault_Handler                        0x0000005b   Thumb Code     2  startup.o(.text)
    SVC_Handler                              0x0000005d   Thumb Code     2  startup.o(.text)
    PendSV_Handler                           0x0000005f   Thumb Code     2  startup.o(.text)
    SysTick_Handler                          0x00000061   Thumb Code     2  startup.o(.text)
    main                                     0x00000069   Thumb Code    56  main3a.o(.text)
    wait_for_eot                             0x000000b1   Thumb Code    14  i2c.o(.text)
    set_clk                                  0x000000bf   Thumb Code    16  i2c.o(.text)
    checkACK                                 0x000000cf   Thumb Code    10  i2c.o(.text)
    write_byte                               0x000000d9   Thumb Code    34  i2c.o(.text)
    write_with_start                         0x000000fb   Thumb Code    38  i2c.o(.text)
    write_with_stop                          0x00000121   Thumb Code    34  i2c.o(.text)
    read_with_start                          0x00000143   Thumb Code    24  i2c.o(.text)
    read_byte                                0x0000015b   Thumb Code    20  i2c.o(.text)
    read_with_stop                           0x0000016f   Thumb Code    20  i2c.o(.text)
    __scatterload                            0x0000018d   Thumb Code    28  init.o(.text)
    __scatterload_rt2                        0x0000018d   Thumb Code     0  init.o(.text)
    __scatterload_copy                       0x000001b1   Thumb Code    14  handlers.o(i.__scatterload_copy)
    __scatterload_null                       0x000001bf   Thumb Code     2  handlers.o(i.__scatterload_null)
    __scatterload_zeroinit                   0x000001c1   Thumb Code    14  handlers.o(i.__scatterload_zeroinit)
    Region$$Table$$Base                      0x000001d0   Number         0  anon$$obj.o(Region$$Table)
    Region$$Table$$Limit                     0x000001e0   Number         0  anon$$obj.o(Region$$Table)
    __initial_sp                             0x20000200   Data           0  startup.o(STACK)



==============================================================================

Memory Map of the image

  Image Entry point : 0x00000055

  Load Region LR_1 (Base: 0x00000000, Size: 0x000001e0, Max: 0xffffffff, ABSOLUTE)

    Execution Region ER_RO (Base: 0x00000000, Size: 0x000001e0, Max: 0xffffffff, ABSOLUTE)

    Base Addr    Size         Type   Attr      Idx    E Section Name        Object

    0x00000000   0x00000040   Data   RO            3    RESET               startup.o
    0x00000040   0x00000000   Code   RO           41  * .ARM.Collect$$$$00000000  entry.o(mc_p.l)
    0x00000040   0x00000004   Code   RO           44    .ARM.Collect$$$$00000001  entry2.o(mc_p.l)
    0x00000044   0x00000004   Code   RO           47    .ARM.Collect$$$$00000004  entry5.o(mc_p.l)
    0x00000048   0x00000008   Code   RO           48    .ARM.Collect$$$$00000007  entry7.o(mc_p.l)
    0x00000050   0x00000004   Code   RO           45    .ARM.Collect$$$$00002712  entry2.o(mc_p.l)
    0x00000054   0x00000014   Code   RO            4  * .text               startup.o
    0x00000068   0x00000048   Code   RO           10    .text               main3a.o
    0x000000b0   0x000000dc   Code   RO           29    .text               i2c.o
    0x0000018c   0x00000024   Code   RO           49    .text               init.o(mc_p.l)
    0x000001b0   0x0000000e   Code   RO           53    i.__scatterload_copy  handlers.o(mc_p.l)
    0x000001be   0x00000002   Code   RO           54    i.__scatterload_null  handlers.o(mc_p.l)
    0x000001c0   0x0000000e   Code   RO           55    i.__scatterload_zeroinit  handlers.o(mc_p.l)
    0x000001ce   0x00000002   PAD
    0x000001d0   0x00000010   Data   RO           51    Region$$Table       anon$$obj.o


    Execution Region ER_RW (Base: 0x20000000, Size: 0x00000000, Max: 0xffffffff, ABSOLUTE)

    **** No section assigned to this execution region ****


    Execution Region ER_ZI (Base: 0x20000000, Size: 0x00000200, Max: 0xffffffff, ABSOLUTE)

    Base Addr    Size         Type   Attr      Idx    E Section Name        Object

    0x20000000   0x00000200   Zero   RW            1    STACK               startup.o


==============================================================================

Image component sizes


      Code (inc. data)   RO Data    RW Data    ZI Data      Debug   Object Name

       220         10          0          0          0       1653   i2c.o
        72         16          0          0          0       2827   main3a.o
        20          6         64          0        512        344   startup.o

    ----------------------------------------------------------------------
       312         32         80          0        512       4824   Object Totals
         0          0         16          0          0          0   (incl. Generated)
         0          0          0          0          0          2   (incl. Padding)

    ----------------------------------------------------------------------

      Code (inc. data)   RO Data    RW Data    ZI Data      Debug   Library Member Name

         0          0          0          0          0          0   entry.o
         8          4          0          0          0          0   entry2.o
         4          0          0          0          0          0   entry5.o
         8          4          0          0          0          0   entry7.o
        30          0          0          0          0          0   handlers.o
        36          8          0          0          0         68   init.o

    ----------------------------------------------------------------------
        88         16          0          0          0         68   Library Totals
         2          0          0          0          0          0   (incl. Padding)

    ----------------------------------------------------------------------

      Code (inc. data)   RO Data    RW Data    ZI Data      Debug   Library Name

        86         16          0          0          0         68   mc_p.l

    ----------------------------------------------------------------------
        88         16          0          0          0         68   Library Totals

    ----------------------------------------------------------------------

==============================================================================


      Code (inc. data)   RO Data    RW Data    ZI Data      Debug   

       400         48         80          0        512       4844   Grand Totals
       400         48         80          0        512       4844   ELF Image Totals
       400         48         80          0          0          0   ROM Totals

==============================================================================

    Total RO  Size (Code + RO Data)                  480 (   0.47kB)
    Total RW  Size (RW Data + ZI Data)               512 (   0.50kB)
    Total ROM Size (Code + RO Data + RW Data)        480 (   0.47kB)

==============================================================================

