ARM Linker, RVCT4.0 [Build 728] [Standard]

==============================================================================

Section Cross References

    startup.o(RESET) refers to startup.o(STACK) for __initial_sp
    startup.o(RESET) refers to startup.o(.text) for Reset_Handler
    startup.o(.text) refers to entry.o(.ARM.Collect$$$$00000000) for __main
    seven_segment.o(.text) refers to seven_segment.o(i.__ARM_common_switch8) for __ARM_common_switch8
    main3b.o(.text) refers to idiv.o(.text) for __aeabi_idivmod
    main3b.o(.text) refers to i2c.o(.text) for set_clk
    main3b.o(.text) refers to seven_segment.o(.text) for convert_for_7_seg
    entry.o(.ARM.Collect$$$$00000000) refers (Special) to entry7.o(.ARM.Collect$$$$00000007) for _main_init
    entry.o(.ARM.Collect$$$$00000000) refers (Special) to entry5.o(.ARM.Collect$$$$00000004) for _main_scatterload
    entry.o(.ARM.Collect$$$$00000000) refers (Special) to entry2.o(.ARM.Collect$$$$00000001) for _main_stk
    idiv.o(.text) refers to uidiv.o(.text) for __aeabi_uidivmod
    entry2.o(.ARM.Collect$$$$00000001) refers to entry2.o(.ARM.Collect$$$$00002712) for __lit__00000000
    entry2.o(.ARM.Collect$$$$00002712) refers to startup.o(STACK) for __initial_sp
    entry2.o(__vectab_stack_and_reset_area) refers to startup.o(STACK) for __initial_sp
    entry2.o(__vectab_stack_and_reset_area) refers to entry.o(.ARM.Collect$$$$00000000) for __main
    entry5.o(.ARM.Collect$$$$00000004) refers to init.o(.text) for __scatterload
    entry7.o(.ARM.Collect$$$$00000007) refers to main3b.o(.text) for main
    init.o(.text) refers to entry5.o(.ARM.Collect$$$$00000004) for __main_after_scatterload


==============================================================================

Removing Unused input sections from the image.

    Removing startup.o(HEAP), (1024 bytes).

1 unused section(s) (total 1024 bytes) removed from the image.

==============================================================================

Image Symbol Table

    Local Symbols

    Symbol Name                              Value     Ov Type        Size  Object(Section)

    RESET                                    0x00000000   Section       64  startup.o(RESET)
    ../../microlib/division.c                0x00000000   Number         0  idiv.o ABSOLUTE
    ../../microlib/division.c                0x00000000   Number         0  uidiv.o ABSOLUTE
    ../../microlib/init/entry.s              0x00000000   Number         0  entry.o ABSOLUTE
    ../../microlib/init/entry.s              0x00000000   Number         0  entry2.o ABSOLUTE
    ../../microlib/init/entry.s              0x00000000   Number         0  entry5.o ABSOLUTE
    ../../microlib/init/entry.s              0x00000000   Number         0  entry7.o ABSOLUTE
    Seven_Segment.c                          0x00000000   Number         0  seven_segment.o ABSOLUTE
    dc.s                                     0x00000000   Number         0  dc.o ABSOLUTE
    handlers.s                               0x00000000   Number         0  handlers.o ABSOLUTE
    i2c.c                                    0x00000000   Number         0  i2c.o ABSOLUTE
    init.s                                   0x00000000   Number         0  init.o ABSOLUTE
    main3B.c                                 0x00000000   Number         0  main3b.o ABSOLUTE
    startup.s                                0x00000000   Number         0  startup.o ABSOLUTE
    .ARM.Collect$$$$00000000                 0x00000040   Section        0  entry.o(.ARM.Collect$$$$00000000)
    .ARM.Collect$$$$00000001                 0x00000040   Section        4  entry2.o(.ARM.Collect$$$$00000001)
    .ARM.Collect$$$$00000004                 0x00000044   Section        4  entry5.o(.ARM.Collect$$$$00000004)
    .ARM.Collect$$$$00000007                 0x00000048   Section        8  entry7.o(.ARM.Collect$$$$00000007)
    .ARM.Collect$$$$00002712                 0x00000050   Section        4  entry2.o(.ARM.Collect$$$$00002712)
    __lit__00000000                          0x00000050   Data           4  entry2.o(.ARM.Collect$$$$00002712)
    .text                                    0x00000054   Section       20  startup.o(.text)
    .text                                    0x00000068   Section        0  i2c.o(.text)
    .text                                    0x00000144   Section        0  seven_segment.o(.text)
    .text                                    0x000001e0   Section        0  main3b.o(.text)
    .text                                    0x00000294   Section        0  idiv.o(.text)
    .text                                    0x000002bc   Section        0  uidiv.o(.text)
    .text                                    0x000002e8   Section       36  init.o(.text)
    i.__ARM_common_switch8                   0x0000030c   Section        0  seven_segment.o(i.__ARM_common_switch8)
    i.__scatterload_copy                     0x00000326   Section       14  handlers.o(i.__scatterload_copy)
    i.__scatterload_null                     0x00000334   Section        2  handlers.o(i.__scatterload_null)
    i.__scatterload_zeroinit                 0x00000336   Section       14  handlers.o(i.__scatterload_zeroinit)
    STACK                                    0x20000000   Section      512  startup.o(STACK)

    Global Symbols

    Symbol Name                              Value     Ov Type        Size  Object(Section)

    BuildAttributes$$THM_ISAv3M$S$PE$A:L22$X:L11$S22$IEEE1$IW$USESV6$~STKCKD$USESV7$~SHL$OSPACE$EBA8$MICROLIB$REQ8$PRES8$EABIv2 0x00000000   Number         0  anon$$obj.o ABSOLUTE
    __ARM_use_no_argv                        0x00000000   Number         0  main3b.o ABSOLUTE
    __Vectors                                0x00000000   Data           4  startup.o(RESET)
    __decompress                              - Undefined Weak Reference
    __main                                   0x00000041   Thumb Code     0  entry.o(.ARM.Collect$$$$00000000)
    _main_stk                                0x00000041   Thumb Code     0  entry2.o(.ARM.Collect$$$$00000001)
    _main_scatterload                        0x00000045   Thumb Code     0  entry5.o(.ARM.Collect$$$$00000004)
    __main_after_scatterload                 0x00000049   Thumb Code     0  entry5.o(.ARM.Collect$$$$00000004)
    _main_init                               0x00000049   Thumb Code     0  entry7.o(.ARM.Collect$$$$00000007)
    Reset_Handler                            0x00000055   Thumb Code     4  startup.o(.text)
    NMI_Handler                              0x00000059   Thumb Code     2  startup.o(.text)
    HardFault_Handler                        0x0000005b   Thumb Code     2  startup.o(.text)
    SVC_Handler                              0x0000005d   Thumb Code     2  startup.o(.text)
    PendSV_Handler                           0x0000005f   Thumb Code     2  startup.o(.text)
    SysTick_Handler                          0x00000061   Thumb Code     2  startup.o(.text)
    wait_for_eot                             0x00000069   Thumb Code    14  i2c.o(.text)
    set_clk                                  0x00000077   Thumb Code    16  i2c.o(.text)
    checkACK                                 0x00000087   Thumb Code    10  i2c.o(.text)
    write_byte                               0x00000091   Thumb Code    34  i2c.o(.text)
    write_with_start                         0x000000b3   Thumb Code    38  i2c.o(.text)
    write_with_stop                          0x000000d9   Thumb Code    34  i2c.o(.text)
    read_with_start                          0x000000fb   Thumb Code    24  i2c.o(.text)
    read_byte                                0x00000113   Thumb Code    20  i2c.o(.text)
    read_with_stop                           0x00000127   Thumb Code    20  i2c.o(.text)
    convertDigit                             0x00000145   Thumb Code   100  seven_segment.o(.text)
    convert_for_7_seg                        0x000001a9   Thumb Code    54  seven_segment.o(.text)
    raw2celsius                              0x000001e1   Thumb Code    56  main3b.o(.text)
    main                                     0x00000219   Thumb Code   120  main3b.o(.text)
    __aeabi_idiv                             0x00000295   Thumb Code     0  idiv.o(.text)
    __aeabi_idivmod                          0x00000295   Thumb Code    40  idiv.o(.text)
    __aeabi_uidiv                            0x000002bd   Thumb Code     0  uidiv.o(.text)
    __aeabi_uidivmod                         0x000002bd   Thumb Code    44  uidiv.o(.text)
    __scatterload                            0x000002e9   Thumb Code    28  init.o(.text)
    __scatterload_rt2                        0x000002e9   Thumb Code     0  init.o(.text)
    __ARM_common_switch8                     0x0000030d   Thumb Code    26  seven_segment.o(i.__ARM_common_switch8)
    __scatterload_copy                       0x00000327   Thumb Code    14  handlers.o(i.__scatterload_copy)
    __scatterload_null                       0x00000335   Thumb Code     2  handlers.o(i.__scatterload_null)
    __scatterload_zeroinit                   0x00000337   Thumb Code    14  handlers.o(i.__scatterload_zeroinit)
    Region$$Table$$Base                      0x00000344   Number         0  anon$$obj.o(Region$$Table)
    Region$$Table$$Limit                     0x00000354   Number         0  anon$$obj.o(Region$$Table)
    __initial_sp                             0x20000200   Data           0  startup.o(STACK)



==============================================================================

Memory Map of the image

  Image Entry point : 0x00000055

  Load Region LR_1 (Base: 0x00000000, Size: 0x00000354, Max: 0xffffffff, ABSOLUTE)

    Execution Region ER_RO (Base: 0x00000000, Size: 0x00000354, Max: 0xffffffff, ABSOLUTE)

    Base Addr    Size         Type   Attr      Idx    E Section Name        Object

    0x00000000   0x00000040   Data   RO            3    RESET               startup.o
    0x00000040   0x00000000   Code   RO           55  * .ARM.Collect$$$$00000000  entry.o(mc_p.l)
    0x00000040   0x00000004   Code   RO           60    .ARM.Collect$$$$00000001  entry2.o(mc_p.l)
    0x00000044   0x00000004   Code   RO           63    .ARM.Collect$$$$00000004  entry5.o(mc_p.l)
    0x00000048   0x00000008   Code   RO           64    .ARM.Collect$$$$00000007  entry7.o(mc_p.l)
    0x00000050   0x00000004   Code   RO           61    .ARM.Collect$$$$00002712  entry2.o(mc_p.l)
    0x00000054   0x00000014   Code   RO            4  * .text               startup.o
    0x00000068   0x000000dc   Code   RO           10    .text               i2c.o
    0x00000144   0x0000009a   Code   RO           29    .text               seven_segment.o
    0x000001de   0x00000002   PAD
    0x000001e0   0x000000b4   Code   RO           43    .text               main3b.o
    0x00000294   0x00000028   Code   RO           58    .text               idiv.o(mc_p.l)
    0x000002bc   0x0000002c   Code   RO           65    .text               uidiv.o(mc_p.l)
    0x000002e8   0x00000024   Code   RO           67    .text               init.o(mc_p.l)
    0x0000030c   0x0000001a   Code   RO           38    i.__ARM_common_switch8  seven_segment.o
    0x00000326   0x0000000e   Code   RO           71    i.__scatterload_copy  handlers.o(mc_p.l)
    0x00000334   0x00000002   Code   RO           72    i.__scatterload_null  handlers.o(mc_p.l)
    0x00000336   0x0000000e   Code   RO           73    i.__scatterload_zeroinit  handlers.o(mc_p.l)
    0x00000344   0x00000010   Data   RO           69    Region$$Table       anon$$obj.o


    Execution Region ER_RW (Base: 0x20000000, Size: 0x00000000, Max: 0xffffffff, ABSOLUTE)

    **** No section assigned to this execution region ****


    Execution Region ER_ZI (Base: 0x20000000, Size: 0x00000200, Max: 0xffffffff, ABSOLUTE)

    Base Addr    Size         Type   Attr      Idx    E Section Name        Object

    0x20000000   0x00000200   Zero   RW            1    STACK               startup.o


==============================================================================

Image component sizes


      Code (inc. data)   RO Data    RW Data    ZI Data      Debug   Object Name

       220         10          0          0          0       4021   i2c.o
       180          4          0          0          0        839   main3b.o
       180         18          0          0          0        929   seven_segment.o
        20          6         64          0        512        344   startup.o

    ----------------------------------------------------------------------
       602         38         80          0        512       6133   Object Totals
         0          0         16          0          0          0   (incl. Generated)
         2          0          0          0          0          3   (incl. Padding)

    ----------------------------------------------------------------------

      Code (inc. data)   RO Data    RW Data    ZI Data      Debug   Library Member Name

         0          0          0          0          0          0   entry.o
         8          4          0          0          0          0   entry2.o
         4          0          0          0          0          0   entry5.o
         8          4          0          0          0          0   entry7.o
        30          0          0          0          0          0   handlers.o
        40          0          0          0          0         72   idiv.o
        36          8          0          0          0         68   init.o
        44          0          0          0          0         68   uidiv.o

    ----------------------------------------------------------------------
       170         16          0          0          0        208   Library Totals
         0          0          0          0          0          0   (incl. Padding)

    ----------------------------------------------------------------------

      Code (inc. data)   RO Data    RW Data    ZI Data      Debug   Library Name

       170         16          0          0          0        208   mc_p.l

    ----------------------------------------------------------------------
       170         16          0          0          0        208   Library Totals

    ----------------------------------------------------------------------

==============================================================================


      Code (inc. data)   RO Data    RW Data    ZI Data      Debug   

       772         54         80          0        512       6168   Grand Totals
       772         54         80          0        512       6168   ELF Image Totals
       772         54         80          0          0          0   ROM Totals

==============================================================================

    Total RO  Size (Code + RO Data)                  852 (   0.83kB)
    Total RW  Size (RW Data + ZI Data)               512 (   0.50kB)
    Total ROM Size (Code + RO Data + RW Data)        852 (   0.83kB)

==============================================================================

