<html>
<body>
<pre>
<h1>µVision Build Log</h1>
<h2>Project:</h2>
C:\Users\CHEW0335\Desktop\Lab3\ExB\ExB.uvproj
Project File Date:  09/21/2016

<h2>Output:</h2>
Build target 'Target 1'
Target has no object modules
Target not created
Build target 'Target 1'
assembling startup.s...
compiling i2c.c...
compiling Seven_Segment.c...
compiling main3B.c...
main3B.c(12): warning:  #47-D: incompatible redefinition of macro "DE0_7SEG_DISP" (declared at line 21 of "main3.h")
main3B.c:   #define DE0_7SEG_DISP                       0xA0004000    // memory address of 7-Segment display on DE0
main3B.c:           ^
main3B.c(29): error:  #137: expression must be a modifiable lvalue
main3B.c:       DE0_7SEG_DISP = 0xFFFFFFFF;
main3B.c:       ^
main3B.c(32): error:  #20: identifier "I2C_TEMP_SENSE_ADDRESS" is undefined
main3B.c:       write_with_start(I2C_TEMP_SENSE_ADDRESS);
main3B.c:                        ^
main3B.c(37): error:  #137: expression must be a modifiable lvalue
main3B.c:               DE0_LEDs = DE0_LEDs^(1<<8);    // blink LED8 to indicate program execution status       
main3B.c:               ^
main3B.c(48): error:  #137: expression must be a modifiable lvalue
main3B.c:         DE0_7SEG_DISP = temp;                           // display it on DE0 board
main3B.c:         ^
main3B.c: main3B.c: 1 warning, 4 errors
Target not created
Build target 'Target 1'
assembling startup.s...
compiling i2c.c...
compiling Seven_Segment.c...
compiling main3B.c...
main3B.c(12): warning:  #47-D: incompatible redefinition of macro "DE0_7SEG_DISP" (declared at line 21 of "main3.h")
main3B.c:   #define DE0_7SEG_DISP                       0xA0004000    // memory address of 7-Segment display on DE0
main3B.c:           ^
main3B.c(29): error:  #137: expression must be a modifiable lvalue
main3B.c:       DE0_7SEG_DISP = 0xFFFFFFFF;
main3B.c:       ^
main3B.c(32): error:  #20: identifier "I2C_TEMP_SENSE_ADDRESS" is undefined
main3B.c:       write_with_start(I2C_TEMP_SENSE_ADDRESS);
main3B.c:                        ^
main3B.c(37): error:  #137: expression must be a modifiable lvalue
main3B.c:               DE0_LEDs = DE0_LEDs^(1<<8);    // blink LED8 to indicate program execution status       
main3B.c:               ^
main3B.c(48): error:  #137: expression must be a modifiable lvalue
main3B.c:         DE0_7SEG_DISP = temp;                           // display it on DE0 board
main3B.c:         ^
main3B.c: main3B.c: 1 warning, 4 errors
Target not created
Build target 'Target 1'
assembling startup.s...
compiling i2c.c...
compiling Seven_Segment.c...
compiling main3B.c...
main3B.c(12): warning:  #47-D: incompatible redefinition of macro "DE0_7SEG_DISP" (declared at line 21 of "main3.h")
main3B.c:   #define DE0_7SEG_DISP                       0xA0004000    // memory address of 7-Segment display on DE0
main3B.c:           ^
main3B.c(29): error:  #137: expression must be a modifiable lvalue
main3B.c:       DE0_7SEG_DISP = 0xFFFFFFFF;
main3B.c:       ^
main3B.c(32): error:  #20: identifier "I2C_TEMP_SENSE_ADDRESS" is undefined
main3B.c:       write_with_start(I2C_TEMP_SENSE_ADDRESS);
main3B.c:                        ^
main3B.c(37): error:  #137: expression must be a modifiable lvalue
main3B.c:               DE0_LEDs = DE0_LEDs^(1<<8);    // blink LED8 to indicate program execution status       
main3B.c:               ^
main3B.c(48): error:  #137: expression must be a modifiable lvalue
main3B.c:         DE0_7SEG_DISP = temp;                           // display it on DE0 board
main3B.c:         ^
main3B.c: main3B.c: 1 warning, 4 errors
Target not created
Build target 'Target 1'
assembling startup.s...
compiling i2c.c...
compiling Seven_Segment.c...
compiling main3B.c...
main3B.c(12): warning:  #47-D: incompatible redefinition of macro "DE0_7SEG_DISP" (declared at line 21 of "main3.h")
main3B.c:   #define DE0_7SEG_DISP       0xA0004000    // memory address of 7-Segment display on DE0
main3B.c:           ^
main3B.c(29): error:  #137: expression must be a modifiable lvalue
main3B.c:       DE0_7SEG_DISP = 0xFFFFFFFF;
main3B.c:       ^
main3B.c(32): error:  #20: identifier "I2C_TEMP_SENSE_ADDRESS" is undefined
main3B.c:       write_with_start(I2C_TEMP_SENSE_ADDRESS);
main3B.c:                        ^
main3B.c(37): error:  #137: expression must be a modifiable lvalue
main3B.c:               DE0_LEDs = DE0_LEDs^(1<<8);    // blink LED8 to indicate program execution status       
main3B.c:               ^
main3B.c(48): error:  #137: expression must be a modifiable lvalue
main3B.c:         DE0_7SEG_DISP = temp;                           // display it on DE0 board
main3B.c:         ^
main3B.c: main3B.c: 1 warning, 4 errors
Target not created
Build target 'Target 1'
assembling startup.s...
compiling i2c.c...
compiling Seven_Segment.c...
compiling main3B.c...
main3B.c(32): error:  #20: identifier "I2C_TEMP_SENSE_ADDRESS" is undefined
main3B.c:       write_with_start(I2C_TEMP_SENSE_ADDRESS);
main3B.c:                        ^
main3B.c: main3B.c: 0 warnings, 1 error
Target not created
Build target 'Target 1'
assembling startup.s...
compiling i2c.c...
compiling Seven_Segment.c...
compiling main3B.c...
*** Error: Referred Memory Range 'ROM1' is undefined.
Target not created
Build target 'Target 1'
assembling startup.s...
startup.s(142): warning: A1581W: Added 2 bytes of padding at address 0xe
startup.s:   142 00000010                 END
startup.s: 0 Errors, 1 Warning
compiling i2c.c...
compiling Seven_Segment.c...
compiling main3B.c...
linking...
Program Size: Code=624 RO-data=80 RW-data=0 ZI-data=512  
"ExB.axf" - 0 Error(s), 1 Warning(s).
Build target 'Target 1'
assembling startup.s...
startup.s(142): warning: A1581W: Added 2 bytes of padding at address 0xe
startup.s:   142 00000010                 END
startup.s: 0 Errors, 1 Warning
compiling i2c.c...
compiling Seven_Segment.c...
compiling main3B.c...
linking...
Program Size: Code=624 RO-data=80 RW-data=0 ZI-data=512  
"ExB.axf" - 0 Error(s), 1 Warning(s).
Build target 'Target 1'
assembling startup.s...
startup.s(142): warning: A1581W: Added 2 bytes of padding at address 0xe
startup.s:   142 00000010                 END
startup.s: 0 Errors, 1 Warning
compiling i2c.c...
compiling Seven_Segment.c...
compiling main3B.c...
linking...
Program Size: Code=624 RO-data=80 RW-data=0 ZI-data=512  
"ExB.axf" - 0 Error(s), 1 Warning(s).
Build target 'Target 1'
assembling startup.s...
startup.s(142): warning: A1581W: Added 2 bytes of padding at address 0xe
startup.s:   142 00000010                 END
startup.s: 0 Errors, 1 Warning
compiling i2c.c...
compiling Seven_Segment.c...
compiling main3B.c...
linking...
Program Size: Code=624 RO-data=80 RW-data=0 ZI-data=512  
"ExB.axf" - 0 Error(s), 1 Warning(s).
Build target 'Target 1'
assembling startup.s...
startup.s(142): warning: A1581W: Added 2 bytes of padding at address 0xe
startup.s:   142 00000010                 END
startup.s: 0 Errors, 1 Warning
compiling i2c.c...
compiling Seven_Segment.c...
compiling main3B.c...
main3B.c(36): error:  #20: identifier "t3" is undefined
main3B.c:       t3 = read_with_stop();          
main3B.c:       ^
main3B.c: main3B.c: 0 warnings, 1 error
Target not created
Build target 'Target 1'
assembling startup.s...
startup.s(142): warning: A1581W: Added 2 bytes of padding at address 0xe
startup.s:   142 00000010                 END
startup.s: 0 Errors, 1 Warning
compiling i2c.c...
compiling Seven_Segment.c...
compiling main3B.c...
main3B.c(21): warning:  #550-D: variable "t3" was set but never used
main3B.c:       uint8_t t1, t2, t3;     
main3B.c:                       ^
main3B.c: main3B.c: 1 warning, 0 errors
linking...
Program Size: Code=628 RO-data=80 RW-data=0 ZI-data=512  
"ExB.axf" - 0 Error(s), 2 Warning(s).
Build target 'Target 1'
assembling startup.s...
startup.s(142): warning: A1581W: Added 2 bytes of padding at address 0xe
startup.s:   142 00000010                 END
startup.s: 0 Errors, 1 Warning
compiling i2c.c...
compiling Seven_Segment.c...
compiling main3B.c...
main3B.c(21): warning:  #550-D: variable "t3" was set but never used
main3B.c:       uint8_t t1, t2, t3;     
main3B.c:                       ^
main3B.c: main3B.c: 1 warning, 0 errors
linking...
Program Size: Code=636 RO-data=80 RW-data=0 ZI-data=512  
"ExB.axf" - 0 Error(s), 2 Warning(s).
Build target 'Target 1'
assembling startup.s...
startup.s(142): warning: A1581W: Added 2 bytes of padding at address 0xe
startup.s:   142 00000010                 END
startup.s: 0 Errors, 1 Warning
compiling i2c.c...
compiling Seven_Segment.c...
compiling main3B.c...
main3B.c(21): warning:  #177-D: variable "t3" was declared but never referenced
main3B.c:       uint8_t t1, t2, t3;     
main3B.c:                       ^
main3B.c: main3B.c: 1 warning, 0 errors
linking...
Program Size: Code=624 RO-data=80 RW-data=0 ZI-data=512  
"ExB.axf" - 0 Error(s), 2 Warning(s).
Build target 'Target 1'
assembling startup.s...
startup.s(142): warning: A1581W: Added 2 bytes of padding at address 0xe
startup.s:   142 00000010                 END
startup.s: 0 Errors, 1 Warning
compiling i2c.c...
compiling Seven_Segment.c...
compiling main3B.c...
linking...
Program Size: Code=624 RO-data=80 RW-data=0 ZI-data=512  
"ExB.axf" - 0 Error(s), 1 Warning(s).
Build target 'Target 1'
assembling startup.s...
startup.s(142): warning: A1581W: Added 2 bytes of padding at address 0xe
startup.s:   142 00000010                 END
startup.s: 0 Errors, 1 Warning
compiling i2c.c...
compiling Seven_Segment.c...
compiling main3B.c...
linking...
Program Size: Code=624 RO-data=80 RW-data=0 ZI-data=512  
"ExB.axf" - 0 Error(s), 1 Warning(s).
Build target 'Target 1'
assembling startup.s...
startup.s(142): warning: A1581W: Added 2 bytes of padding at address 0xe
startup.s:   142 00000010                 END
startup.s: 0 Errors, 1 Warning
compiling i2c.c...
compiling Seven_Segment.c...
compiling main3B.c...
linking...
Program Size: Code=624 RO-data=80 RW-data=0 ZI-data=512  
"ExB.axf" - 0 Error(s), 1 Warning(s).
Build target 'Target 1'
assembling startup.s...
startup.s(142): warning: A1581W: Added 2 bytes of padding at address 0xe
startup.s:   142 00000010                 END
startup.s: 0 Errors, 1 Warning
compiling i2c.c...
compiling Seven_Segment.c...
compiling main3B.c...
linking...
Program Size: Code=624 RO-data=80 RW-data=0 ZI-data=512  
"ExB.axf" - 0 Error(s), 1 Warning(s).
Build target 'Target 1'
assembling startup.s...
startup.s(142): warning: A1581W: Added 2 bytes of padding at address 0xe
startup.s:   142 00000010                 END
startup.s: 0 Errors, 1 Warning
compiling i2c.c...
compiling Seven_Segment.c...
compiling main3B.c...
main3B.c(51): error:  #268: declaration may not appear after executable statement in block
main3B.c:    int raw2celsius(uint32_t raw)
main3B.c:    ^
main3B.c(52): error:  #65: expected a ";"
main3B.c:    {
main3B.c:    ^
main3B.c(57): warning:  #12-D: parsing restarts here after previous syntax error
main3B.c:   }
main3B.c:   ^
main3B.c: main3B.c: 1 warning, 2 errors
Target not created
Build target 'Target 1'
assembling startup.s...
startup.s(142): warning: A1581W: Added 2 bytes of padding at address 0xe
startup.s:   142 00000010                 END
startup.s: 0 Errors, 1 Warning
compiling i2c.c...
compiling Seven_Segment.c...
compiling main3B.c...
main3B.c(48): warning:  #223-D: function "raw2celsius" declared implicitly
main3B.c:         DE0_7SEG_DISP = raw2celsius(temp);                              // display it on DE0 board
main3B.c:                         ^
main3B.c: main3B.c: 1 warning, 0 errors
linking...
Program Size: Code=648 RO-data=80 RW-data=0 ZI-data=512  
"ExB.axf" - 0 Error(s), 2 Warning(s).
Build target 'Target 1'
assembling startup.s...
startup.s(142): warning: A1581W: Added 2 bytes of padding at address 0xe
startup.s:   142 00000010                 END
startup.s: 0 Errors, 1 Warning
compiling i2c.c...
compiling Seven_Segment.c...
compiling main3B.c...
linking...
Program Size: Code=644 RO-data=80 RW-data=0 ZI-data=512  
"ExB.axf" - 0 Error(s), 1 Warning(s).
Build target 'Target 1'
assembling startup.s...
startup.s(142): warning: A1581W: Added 2 bytes of padding at address 0xe
startup.s:   142 00000010                 END
startup.s: 0 Errors, 1 Warning
compiling i2c.c...
compiling Seven_Segment.c...
compiling main3B.c...
main3B.c(47): warning:  #223-D: function "raw2celsius" declared implicitly
main3B.c:         temp = raw2celsius(convert_for_7_seg(t1,t2));    // converted the value into appropriate 7-segment format
main3B.c:                ^
main3B.c: main3B.c: 1 warning, 0 errors
linking...
Program Size: Code=648 RO-data=80 RW-data=0 ZI-data=512  
"ExB.axf" - 0 Error(s), 2 Warning(s).
Build target 'Target 1'
assembling startup.s...
startup.s(142): warning: A1581W: Added 2 bytes of padding at address 0xe
startup.s:   142 00000010                 END
startup.s: 0 Errors, 1 Warning
compiling i2c.c...
compiling Seven_Segment.c...
compiling main3B.c...
main3B.c(47): warning:  #223-D: function "raw2celsius" declared implicitly
main3B.c:         temp = convert_for_7_seg(raw2celsius(t1,t2));    // converted the value into appropriate 7-segment format
main3B.c:                                  ^
main3B.c(47): error:  #165: too few arguments in function call
main3B.c:         temp = convert_for_7_seg(raw2celsius(t1,t2));    // converted the value into appropriate 7-segment format
main3B.c:                                                    ^
main3B.c(55): error:  #20: identifier "raw" is undefined
main3B.c:       raw = (t1<<16|t2) && 0x7FF;
main3B.c:       ^
main3B.c: main3B.c: 1 warning, 2 errors
Target not created
Build target 'Target 1'
assembling startup.s...
startup.s(142): warning: A1581W: Added 2 bytes of padding at address 0xe
startup.s:   142 00000010                 END
startup.s: 0 Errors, 1 Warning
compiling i2c.c...
compiling Seven_Segment.c...
compiling main3B.c...
main3B.c(47): warning:  #223-D: function "raw2celsius" declared implicitly
main3B.c:         temp = convert_for_7_seg(raw2celsius(t1,t2),0xC0);    // converted the value into appropriate 7-segment format
main3B.c:                                  ^
main3B.c(54): error:  #20: identifier "raw" is undefined
main3B.c:       raw = ((t1<<4)|(t2>>4)) && 0x7FF;
main3B.c:       ^
main3B.c: main3B.c: 1 warning, 1 error
Target not created
Build target 'Target 1'
assembling startup.s...
startup.s(142): warning: A1581W: Added 2 bytes of padding at address 0xe
startup.s:   142 00000010                 END
startup.s: 0 Errors, 1 Warning
compiling i2c.c...
compiling Seven_Segment.c...
compiling main3B.c...
main3B.c(47): warning:  #223-D: function "raw2celsius" declared implicitly
main3B.c:         temp = convert_for_7_seg(raw2celsius(t1,t2),0xC0);    // converted the value into appropriate 7-segment format
main3B.c:                                  ^
main3B.c(54): error:  #20: identifier "raw" is undefined
main3B.c:       raw = ((t1<<4)|(t2>>4)) && 0x7FF;
main3B.c:       ^
main3B.c: main3B.c: 1 warning, 1 error
Target not created
Build target 'Target 1'
assembling startup.s...
startup.s(142): warning: A1581W: Added 2 bytes of padding at address 0xe
startup.s:   142 00000010                 END
startup.s: 0 Errors, 1 Warning
compiling i2c.c...
compiling Seven_Segment.c...
compiling main3B.c...
main3B.c(54): error:  #20: identifier "raw" is undefined
main3B.c:       raw = ((t1<<4)|(t2>>4)) && 0x7FF;
main3B.c:       ^
main3B.c: main3B.c: 0 warnings, 1 error
Target not created
Build target 'Target 1'
assembling startup.s...
startup.s(142): warning: A1581W: Added 2 bytes of padding at address 0xe
startup.s:   142 00000010                 END
startup.s: 0 Errors, 1 Warning
compiling i2c.c...
compiling Seven_Segment.c...
compiling main3B.c...
linking...
Program Size: Code=656 RO-data=80 RW-data=0 ZI-data=512  
"ExB.axf" - 0 Error(s), 1 Warning(s).
Build target 'Target 1'
assembling startup.s...
startup.s(142): warning: A1581W: Added 2 bytes of padding at address 0xe
startup.s:   142 00000010                 END
startup.s: 0 Errors, 1 Warning
compiling i2c.c...
compiling Seven_Segment.c...
compiling main3B.c...
linking...
Program Size: Code=656 RO-data=80 RW-data=0 ZI-data=512  
"ExB.axf" - 0 Error(s), 1 Warning(s).
Build target 'Target 1'
assembling startup.s...
startup.s(142): warning: A1581W: Added 2 bytes of padding at address 0xe
startup.s:   142 00000010                 END
startup.s: 0 Errors, 1 Warning
compiling i2c.c...
compiling Seven_Segment.c...
compiling main3B.c...
linking...
Program Size: Code=656 RO-data=80 RW-data=0 ZI-data=512  
"ExB.axf" - 0 Error(s), 1 Warning(s).
Build target 'Target 1'
assembling startup.s...
startup.s(142): warning: A1581W: Added 2 bytes of padding at address 0xe
startup.s:   142 00000010                 END
startup.s: 0 Errors, 1 Warning
compiling i2c.c...
compiling Seven_Segment.c...
compiling main3B.c...
main3B.c(54): error:  #40: expected an identifier
main3B.c:       uint32_t 1,2,3,4;
main3B.c:                ^
main3B.c(54): error:  #40: expected an identifier
main3B.c:       uint32_t 1,2,3,4;
main3B.c:                  ^
main3B.c(54): error:  #40: expected an identifier
main3B.c:       uint32_t 1,2,3,4;
main3B.c:                    ^
main3B.c(54): error:  #40: expected an identifier
main3B.c:       uint32_t 1,2,3,4;
main3B.c:                      ^
main3B.c(55): error:  #137: expression must be a modifiable lvalue
main3B.c:       1 = (t1<<4);
main3B.c:       ^
main3B.c(56): error:  #137: expression must be a modifiable lvalue
main3B.c:       2 =     (t2>>4);
main3B.c:       ^
main3B.c(57): error:  #137: expression must be a modifiable lvalue
main3B.c:       3 = 1|2;
main3B.c:       ^
main3B.c(58): error:  #137: expression must be a modifiable lvalue
main3B.c:       4 = 3 && 0x7FF
main3B.c:       ^
main3B.c(59): error:  #65: expected a ";"
main3B.c:       5 = 4 >>5;
main3B.c:       ^
main3B.c: main3B.c: 0 warnings, 9 errors
Target not created
Build target 'Target 1'
assembling startup.s...
startup.s(142): warning: A1581W: Added 2 bytes of padding at address 0xe
startup.s:   142 00000010                 END
startup.s: 0 Errors, 1 Warning
compiling i2c.c...
compiling Seven_Segment.c...
compiling main3B.c...
main3B.c(54): error:  #40: expected an identifier
main3B.c:       uint32_t 1,2,3,4,5;
main3B.c:                ^
main3B.c(54): error:  #40: expected an identifier
main3B.c:       uint32_t 1,2,3,4,5;
main3B.c:                  ^
main3B.c(54): error:  #40: expected an identifier
main3B.c:       uint32_t 1,2,3,4,5;
main3B.c:                    ^
main3B.c(54): error:  #40: expected an identifier
main3B.c:       uint32_t 1,2,3,4,5;
main3B.c:                      ^
main3B.c(54): error:  #40: expected an identifier
main3B.c:       uint32_t 1,2,3,4,5;
main3B.c:                        ^
main3B.c(55): error:  #137: expression must be a modifiable lvalue
main3B.c:       1 = (t1<<4);
main3B.c:       ^
main3B.c(56): error:  #137: expression must be a modifiable lvalue
main3B.c:       2 =     (t2>>4);
main3B.c:       ^
main3B.c(57): error:  #137: expression must be a modifiable lvalue
main3B.c:       3 = 1|2;
main3B.c:       ^
main3B.c(58): error:  #137: expression must be a modifiable lvalue
main3B.c:       4 = 3 && 0x7FF
main3B.c:       ^
main3B.c(59): error:  #65: expected a ";"
main3B.c:       5 = 4 >>5;
main3B.c:       ^
main3B.c: main3B.c: 0 warnings, 10 errors
Target not created
Build target 'Target 1'
assembling startup.s...
startup.s(142): warning: A1581W: Added 2 bytes of padding at address 0xe
startup.s:   142 00000010                 END
startup.s: 0 Errors, 1 Warning
compiling i2c.c...
compiling Seven_Segment.c...
compiling main3B.c...
main3B.c(59): error:  #65: expected a ";"
main3B.c:       a5 = 4 >>5;
main3B.c:       ^
main3B.c(54): warning:  #550-D: variable "a1" was set but never used
main3B.c:       uint32_t a1,a2,a3,a4,a5;
main3B.c:                ^
main3B.c(54): warning:  #550-D: variable "a2" was set but never used
main3B.c:       uint32_t a1,a2,a3,a4,a5;
main3B.c:                   ^
main3B.c(54): warning:  #550-D: variable "a3" was set but never used
main3B.c:       uint32_t a1,a2,a3,a4,a5;
main3B.c:                      ^
main3B.c(54): warning:  #550-D: variable "a4" was set but never used
main3B.c:       uint32_t a1,a2,a3,a4,a5;
main3B.c:                         ^
main3B.c(54): warning:  #177-D: variable "a5" was declared but never referenced
main3B.c:       uint32_t a1,a2,a3,a4,a5;
main3B.c:                            ^
main3B.c: main3B.c: 5 warnings, 1 error
Target not created
Build target 'Target 1'
assembling startup.s...
startup.s(142): warning: A1581W: Added 2 bytes of padding at address 0xe
startup.s:   142 00000010                 END
startup.s: 0 Errors, 1 Warning
compiling i2c.c...
compiling Seven_Segment.c...
compiling main3B.c...
main3B.c(59): error:  #65: expected a ";"
main3B.c:       a5 = 4 >>5;
main3B.c:       ^
main3B.c(54): warning:  #550-D: variable "a1" was set but never used
main3B.c:       uint32_t a1,a2,a3,a4,a5;
main3B.c:                ^
main3B.c(54): warning:  #550-D: variable "a2" was set but never used
main3B.c:       uint32_t a1,a2,a3,a4,a5;
main3B.c:                   ^
main3B.c(54): warning:  #550-D: variable "a3" was set but never used
main3B.c:       uint32_t a1,a2,a3,a4,a5;
main3B.c:                      ^
main3B.c(54): warning:  #550-D: variable "a4" was set but never used
main3B.c:       uint32_t a1,a2,a3,a4,a5;
main3B.c:                         ^
main3B.c: main3B.c: 4 warnings, 1 error
Target not created
Build target 'Target 1'
assembling startup.s...
startup.s(142): warning: A1581W: Added 2 bytes of padding at address 0xe
startup.s:   142 00000010                 END
startup.s: 0 Errors, 1 Warning
compiling i2c.c...
compiling Seven_Segment.c...
compiling main3B.c...
main3B.c(59): error:  #65: expected a ";"
main3B.c:       a5 = a4 >>5;
main3B.c:       ^
main3B.c(54): warning:  #550-D: variable "a4" was set but never used
main3B.c:       uint32_t a1,a2,a3,a4,a5;
main3B.c:                         ^
main3B.c: main3B.c: 1 warning, 1 error
Target not created
Build target 'Target 1'
assembling startup.s...
startup.s(142): warning: A1581W: Added 2 bytes of padding at address 0xe
startup.s:   142 00000010                 END
startup.s: 0 Errors, 1 Warning
compiling i2c.c...
compiling Seven_Segment.c...
compiling main3B.c...
linking...
Program Size: Code=664 RO-data=80 RW-data=0 ZI-data=512  
"ExB.axf" - 0 Error(s), 1 Warning(s).
Build target 'Target 1'
linking...
Program Size: Code=664 RO-data=80 RW-data=0 ZI-data=512  
"ExB.axf" - 0 Error(s), 0 Warning(s).
Build target 'Target 1'
assembling startup.s...
startup.s(142): warning: A1581W: Added 2 bytes of padding at address 0xe
startup.s:   142 00000010                 END
startup.s: 0 Errors, 1 Warning
compiling i2c.c...
compiling Seven_Segment.c...
compiling main3B.c...
linking...
Program Size: Code=664 RO-data=80 RW-data=0 ZI-data=512  
"ExB.axf" - 0 Error(s), 1 Warning(s).
Build target 'Target 1'
assembling startup.s...
startup.s(142): warning: A1581W: Added 2 bytes of padding at address 0xe
startup.s:   142 00000010                 END
startup.s: 0 Errors, 1 Warning
compiling i2c.c...
compiling Seven_Segment.c...
compiling main3B.c...
linking...
Program Size: Code=664 RO-data=80 RW-data=0 ZI-data=512  
"ExB.axf" - 0 Error(s), 1 Warning(s).
Build target 'Target 1'
assembling startup.s...
startup.s(142): warning: A1581W: Added 2 bytes of padding at address 0xe
startup.s:   142 00000010                 END
startup.s: 0 Errors, 1 Warning
compiling i2c.c...
compiling Seven_Segment.c...
compiling main3B.c...
linking...
Program Size: Code=664 RO-data=80 RW-data=0 ZI-data=512  
"ExB.axf" - 0 Error(s), 1 Warning(s).
Build target 'Target 1'
assembling startup.s...
startup.s(142): warning: A1581W: Added 2 bytes of padding at address 0xe
startup.s:   142 00000010                 END
startup.s: 0 Errors, 1 Warning
compiling i2c.c...
compiling Seven_Segment.c...
compiling main3B.c...
linking...
Program Size: Code=656 RO-data=80 RW-data=0 ZI-data=512  
"ExB.axf" - 0 Error(s), 1 Warning(s).
Build target 'Target 1'
assembling startup.s...
startup.s(142): warning: A1581W: Added 2 bytes of padding at address 0xe
startup.s:   142 00000010                 END
startup.s: 0 Errors, 1 Warning
compiling i2c.c...
compiling Seven_Segment.c...
compiling main3B.c...
linking...
Program Size: Code=656 RO-data=80 RW-data=0 ZI-data=512  
"ExB.axf" - 0 Error(s), 1 Warning(s).
Build target 'Target 1'
assembling startup.s...
startup.s(142): warning: A1581W: Added 2 bytes of padding at address 0xe
startup.s:   142 00000010                 END
startup.s: 0 Errors, 1 Warning
compiling i2c.c...
compiling Seven_Segment.c...
compiling main3B.c...
linking...
Program Size: Code=656 RO-data=80 RW-data=0 ZI-data=512  
"ExB.axf" - 0 Error(s), 1 Warning(s).
Build target 'Target 1'
assembling startup.s...
startup.s(142): warning: A1581W: Added 2 bytes of padding at address 0xe
startup.s:   142 00000010                 END
startup.s: 0 Errors, 1 Warning
compiling i2c.c...
compiling Seven_Segment.c...
compiling main3B.c...
main3B.c(54): warning:  #550-D: variable "a1" was set but never used
main3B.c:       uint8_t tmp, a1, a2;
main3B.c:                    ^
main3B.c: main3B.c: 1 warning, 0 errors
linking...
Program Size: Code=768 RO-data=80 RW-data=0 ZI-data=512  
"ExB.axf" - 0 Error(s), 2 Warning(s).
Build target 'Target 1'
assembling startup.s...
startup.s(142): warning: A1581W: Added 2 bytes of padding at address 0xe
startup.s:   142 00000010                 END
startup.s: 0 Errors, 1 Warning
compiling i2c.c...
compiling Seven_Segment.c...
compiling main3B.c...
main3B.c(54): warning:  #550-D: variable "a1" was set but never used
main3B.c:       uint8_t tmp, a1, a2;
main3B.c:                    ^
main3B.c: main3B.c: 1 warning, 0 errors
linking...
Program Size: Code=768 RO-data=80 RW-data=0 ZI-data=512  
"ExB.axf" - 0 Error(s), 2 Warning(s).
Build target 'Target 1'
assembling startup.s...
startup.s(142): warning: A1581W: Added 2 bytes of padding at address 0xe
startup.s:   142 00000010                 END
startup.s: 0 Errors, 1 Warning
compiling i2c.c...
compiling Seven_Segment.c...
compiling main3B.c...
main3B.c(54): warning:  #550-D: variable "a1" was set but never used
main3B.c:       uint8_t tmp, a1, a2;
main3B.c:                    ^
main3B.c: main3B.c: 1 warning, 0 errors
linking...
Program Size: Code=768 RO-data=80 RW-data=0 ZI-data=512  
"ExB.axf" - 0 Error(s), 2 Warning(s).
Build target 'Target 1'
assembling startup.s...
startup.s(142): warning: A1581W: Added 2 bytes of padding at address 0xe
startup.s:   142 00000010                 END
startup.s: 0 Errors, 1 Warning
compiling i2c.c...
compiling Seven_Segment.c...
compiling main3B.c...
linking...
Program Size: Code=772 RO-data=80 RW-data=0 ZI-data=512  
"ExB.axf" - 0 Error(s), 1 Warning(s).
Build target 'Target 1'
assembling startup.s...
startup.s(142): warning: A1581W: Added 2 bytes of padding at address 0xe
startup.s:   142 00000010                 END
startup.s: 0 Errors, 1 Warning
compiling i2c.c...
compiling Seven_Segment.c...
compiling main3B.c...
linking...
Program Size: Code=772 RO-data=80 RW-data=0 ZI-data=512  
"ExB.axf" - 0 Error(s), 1 Warning(s).
Build target 'Target 1'
assembling startup.s...
startup.s(142): warning: A1581W: Added 2 bytes of padding at address 0xe
startup.s:   142 00000010                 END
startup.s: 0 Errors, 1 Warning
compiling i2c.c...
compiling Seven_Segment.c...
compiling main3B.c...
linking...
Program Size: Code=772 RO-data=80 RW-data=0 ZI-data=512  
"ExB.axf" - 0 Error(s), 1 Warning(s).
Build target 'Target 1'
assembling startup.s...
startup.s(142): warning: A1581W: Added 2 bytes of padding at address 0xe
startup.s:   142 00000010                 END
startup.s: 0 Errors, 1 Warning
compiling i2c.c...
compiling Seven_Segment.c...
compiling main3B.c...
linking...
Program Size: Code=772 RO-data=80 RW-data=0 ZI-data=512  
"ExB.axf" - 0 Error(s), 1 Warning(s).
